8.CI/CD Basics Docker , Kubernates , Jenkins - just basics underneath how the
  deployment works
  E:\MURALI\REACT-JS-TRAINING\ADDITIONAL-BACK-END\CICD-Basics-Docker-Kubernates-Jenkins\todoApp

FRONTEND:
========
  
  FOLLOW SETTINGS FROM TAILWIND VITE TAB
https://tailwindcss.com/docs/installation/using-vite
npm install tailwindcss @tailwindcss/vite

npm create vite@latest frontend -- --template react

npm run dev

  VITE v7.0.0  ready in 850 ms

  ➜  Local:   http://localhost:5173/
  ➜  Network: use --host to expose
  ➜  press h + enter to show help



npm install tailwindcss @tailwindcss/vite
npm install axios


BACKEND:
========
npm init -y
in package.json add "type":"module"

npm install express pg cors bcryptjs jsonwebtoken dotenv
npm install express cors dotenv pg
npm install dotenv

npm install --save-dev nodemon

"start": "node index.js",
"dev": "nodemon index.js",



PORT=5000
DATABASE_URL=postgresql://postgresql_user:GsDsXXIECaHl6oOiWNKMIPKIxGCkRpay@dpg-d178cbndiees73dtodng-a.oregon-postgres.render.com/postgresql_crud_db
JWT_SECRET=a04b799600ad8fa1a0d043566e6d85f23d7506a7




E:\MURALI\REACT-JS-TRAINING\ADDITIONAL-BACK-END\CICD-Basics-Docker-Kubernates-Jenkins\todoApp\backend>npm run dev

> backend@1.0.0 dev
> nodemon index.js

[nodemon] 3.1.10
[nodemon] to restart at any time, enter `rs`
[nodemon] watching path(s): *.*
[nodemon] watching extensions: js,mjs,cjs,json
[nodemon] starting `node index.js`
✅ Server running at http://localhost:5000


TODOS TABLE:
===========
 CREATE TABLE IF NOT EXISTS todos (
    id SERIAL PRIMARY KEY,
    title TEXT NOT NULL,
    completed BOOLEAN DEFAULT false
  )

GITHUB:
=======
http://github.com/

venkatdada369@gmail.com
narresh369

…or create a new repository on the command line

echo "# todos" >> README.md
git init
git add README.md
git commit -m "first commit"
git branch -M main
git remote add origin https://github.com/narresh369/todos.git
git push -u origin main

…or push an existing repository from the command line

git remote add origin https://github.com/narresh369/todos.git
git branch -M main
git push -u origin main


********
1.1. Initialize Git (if not already)
git init

1.2. Create .gitignore
Make sure to add common things to ignore:
node_modules/
.env
dist/


1.3. Stage and commit:
git add .
git commit -m "Initial commit: Todo app with React and PostgreSQL backend"

1.4. Create a GitHub repository
Go to https://github.com → create a new repo (e.g., todo-app-deploy)

1.5. Link and push:
git remote add origin https://github.com/yourusername/todo-app-deploy.git
git remote add origin https://github.com/narresh369/todos.git
git branch -M main
git push -u origin main

-------------------------------- RUN THIS FROM ROOT OF APPLICATION--------------------------------------------
git init
git add .
git commit -m "Initial commit: Todo app with React and PostgreSQL backend"
git remote add origin https://github.com/narresh369/todos.git
git branch -M main
git push -u origin main
----------------------------------------------------------------------------
PUSH NEW FILES TO GITHUB:
=========================
git add .
git commit -m "Updated files Edited Dockerfile with ignore file"
git remote add origin https://github.com/narresh369/todos.git
git branch -M main
git push -u origin main



DELETE node_modules package-lock.json
rm -rf node_modules package-lock.json
npm cache clean --force
npm install


tree "E:\MURALI\REACT-JS-TRAINING\ADDITIONAL-BACK-END\CICD-Basics-Docker-Kubernates-Jenkins\todoApp\backend" /f /a


RENDER:[ TO DEPLOY BACKEND ]
======


https://todos-31gl.onrender.com/api/todos
[{"id":3,"title":"go to school and pay fee","completed":false},{"id":2,"title":"get milk and corn","completed":true}]


https://todos-31gl.onrender.com/api/todos



VERCEL:[ TO DEPLOY FRONTEND ]
======
https://vercel.com/narresh369s-projects

npm install vite@^6


git init
git remote add origin https://github.com/narresh369/todos.git
git add .
git commit -m "Initial commit"
git push -u origin main

********

E:\MURALI\REACT-JS-TRAINING\ADDITIONAL-BACK-END\CICD-Basics-Docker-Kubernates-Jenkins\todoApp>git init
Initialized empty Git repository in E:/MURALI/REACT-JS-TRAINING/ADDITIONAL-BACK-END/CICD-Basics-Docker-Kubernates-Jenkins/todoApp/.git/

E:\MURALI\REACT-JS-TRAINING\ADDITIONAL-BACK-END\CICD-Basics-Docker-Kubernates-Jenkins\todoApp>git add .
warning: in the working copy of 'backend/package-lock.json', LF will be replaced by CRLF the next time Git touches it
warning: in the working copy of 'backend/package.json', LF will be replaced by CRLF the next time Git touches it
warning: in the working copy of 'frontend/.gitignore', LF will be replaced by CRLF the next time Git touches it
warning: in the working copy of 'frontend/README.md', LF will be replaced by CRLF the next time Git touches it
warning: in the working copy of 'frontend/eslint.config.js', LF will be replaced by CRLF the next time Git touches it
warning: in the working copy of 'frontend/index.html', LF will be replaced by CRLF the next time Git touches it
warning: in the working copy of 'frontend/package-lock.json', LF will be replaced by CRLF the next time Git touches it
warning: in the working copy of 'frontend/package.json', LF will be replaced by CRLF the next time Git touches it
warning: in the working copy of 'frontend/src/App copy.jsx', LF will be replaced by CRLF the next time Git touches it
warning: in the working copy of 'frontend/src/App.css', LF will be replaced by CRLF the next time Git touches it
warning: in the working copy of 'frontend/src/App.jsx', LF will be replaced by CRLF the next time Git touches it
warning: in the working copy of 'frontend/src/index copy.css', LF will be replaced by CRLF the next time Git touches it
warning: in the working copy of 'frontend/src/main.jsx', LF will be replaced by CRLF the next time Git touches it
warning: in the working copy of 'frontend/vite.config.js', LF will be replaced by CRLF the next time Git touches it

E:\MURALI\REACT-JS-TRAINING\ADDITIONAL-BACK-END\CICD-Basics-Docker-Kubernates-Jenkins\todoApp>git commit -m "Initial commit: Todo app with React and PostgreSQL backend"
[master (root-commit) 758ddd0] Initial commit: Todo app with React and PostgreSQL backend
 20 files changed, 5760 insertions(+)
 create mode 100644 .gitignore
 create mode 100644 SCREENS/STEPS.txt
 create mode 100644 backend/index.js
 create mode 100644 backend/package-lock.json
 create mode 100644 backend/package.json
 create mode 100644 frontend/.gitignore
 create mode 100644 frontend/README.md
 create mode 100644 frontend/eslint.config.js
 create mode 100644 frontend/index.html
 create mode 100644 frontend/package-lock.json
 create mode 100644 frontend/package.json
 create mode 100644 frontend/public/vite.svg
 create mode 100644 frontend/src/App copy.jsx
 create mode 100644 frontend/src/App.css
 create mode 100644 frontend/src/App.jsx
 create mode 100644 frontend/src/assets/react.svg
 create mode 100644 frontend/src/index copy.css
 create mode 100644 frontend/src/index.css
 create mode 100644 frontend/src/main.jsx
 create mode 100644 frontend/vite.config.js

E:\MURALI\REACT-JS-TRAINING\ADDITIONAL-BACK-END\CICD-Basics-Docker-Kubernates-Jenkins\todoApp>git remote add origin https://github.com/narresh369/todos.git

E:\MURALI\REACT-JS-TRAINING\ADDITIONAL-BACK-END\CICD-Basics-Docker-Kubernates-Jenkins\todoApp>git branch -M main

E:\MURALI\REACT-JS-TRAINING\ADDITIONAL-BACK-END\CICD-Basics-Docker-Kubernates-Jenkins\todoApp>git push -u origin main
Enumerating objects: 28, done.
Counting objects: 100% (28/28), done.
Delta compression using up to 8 threads
Compressing objects: 100% (23/23), done.
Writing objects: 100% (28/28), 50.67 KiB | 4.22 MiB/s, done.
Total 28 (delta 1), reused 0 (delta 0), pack-reused 0
remote: Resolving deltas: 100% (1/1), done.
To https://github.com/narresh369/todos.git
 * [new branch]      main -> main
branch 'main' set up to track 'origin/main'.

E:\MURALI\REACT-JS-TRAINING\ADDITIONAL-BACK-END\CICD-Basics-Docker-Kubernates-Jenkins\todoApp>

===============================================================================================================
Microsoft Windows [Version 10.0.26100.4202]
(c) Microsoft Corporation. All rights reserved.

E:\MURALI\REACT-JS-TRAINING\ADDITIONAL-BACK-END\CICD-Basics-Docker-Kubernates-Jenkins\todoApp>npm create vite@latest frontend -- --template react
Need to install the following packages:
create-vite@7.0.0
Ok to proceed? (y) y

npm warn EBADENGINE Unsupported engine {
npm warn EBADENGINE   package: 'create-vite@7.0.0',
npm warn EBADENGINE   required: { node: '^20.19.0 || >=22.12.0' },
npm warn EBADENGINE   current: { node: 'v20.13.1', npm: '10.9.0' }
npm warn EBADENGINE }

> npx
> create-vite frontend --template react

|
o  Scaffolding project in E:\MURALI\REACT-JS-TRAINING\ADDITIONAL-BACK-END\CICD-Basics-Docker-Kubernates-Jenkins\todoApp\frontend...
|
—  Done. Now run:

  cd frontend
  npm install
  npm run dev


E:\MURALI\REACT-JS-TRAINING\ADDITIONAL-BACK-END\CICD-Basics-Docker-Kubernates-Jenkins\todoApp> cd frontend

E:\MURALI\REACT-JS-TRAINING\ADDITIONAL-BACK-END\CICD-Basics-Docker-Kubernates-Jenkins\todoApp\frontend>  npm install
npm warn EBADENGINE Unsupported engine {
npm warn EBADENGINE   package: 'vite@7.0.0',
npm warn EBADENGINE   required: { node: '^20.19.0 || >=22.12.0' },
npm warn EBADENGINE   current: { node: 'v20.13.1', npm: '10.9.0' }
npm warn EBADENGINE }

added 154 packages, and audited 155 packages in 17s

33 packages are looking for funding
  run `npm fund` for details

found 0 vulnerabilities

E:\MURALI\REACT-JS-TRAINING\ADDITIONAL-BACK-END\CICD-Basics-Docker-Kubernates-Jenkins\todoApp\frontend>npm run dev

===================================================================================


postgres:
    image: postgres:15
    restart: always
    environment:
      POSTGRES_USER: postgresql_user
      POSTGRES_PASSWORD: GsDsXXIECaHl6oOiWNKMIPKIxGCkRpay
      POSTGRES_DB: postgresql_crud_db
	  
	  
	  
	  todo-app-deploy/
├── client/
│   ├── Dockerfile
│   └── ...
├── server/
│   ├── Dockerfile
│   └── ...
├── docker-compose.yml
├── Jenkinsfile
└── README.md

	  
Create a Docker Hub Account 	  
	  
google gmail signup
gvnaressh@gmail.com	  
username : gvnaressh	  

E:\MURALI\REACT-JS-TRAINING\ADDITIONAL-BACK-END\CICD-Basics-Docker-Kubernates-Jenkins\todoApp\k8s\backend-deployment.yaml
image: your-dockerhub-username/todo-backend:latest
image: gvnaressh/todo-backend:latest

E:\MURALI\REACT-JS-TRAINING\ADDITIONAL-BACK-END\CICD-Basics-Docker-Kubernates-Jenkins\todoApp\k8s\frontend-deployment.yaml
image: your-dockerhub-username/todo-frontend:latest
image: gvnaressh/todo-frontend:latest

E:\MURALI\REACT-JS-TRAINING\ADDITIONAL-BACK-END\CICD-Basics-Docker-Kubernates-Jenkins\todoApp\k8s\postgres-deployment.yaml	  
 env:
	- name: POSTGRES_DB
	  value: "tododb"
	- name: POSTGRES_USER
	  value: "postgres"
	- name: POSTGRES_PASSWORD
	  value: "yourpassword"	  


 env:
	- name: POSTGRES_DB
	  value: "postgresql_crud_db"
	- name: POSTGRES_USER
	  value: "postgresql_user"
	- name: POSTGRES_PASSWORD
	  value: "GsDsXXIECaHl6oOiWNKMIPKIxGCkRpay"	


	  
	  

POSTGRESQL - REMOTE
narresh.gudimetlaa@gmail.com
Gvnaressh3695
https://dashboard.render.com/
NAME:crud-postgresql
DATABASE:postgresql_crud_db
USER:crud-postgresql_user
INTERNAL DATABASE URL
postgresql://postgresql_user:GsDsXXIECaHl6oOiWNKMIPKIxGCkRpay@dpg-d178cbndiees73dtodng-a/postgresql_crud_db
EXTERNAL DATABASE URL[USE THIS]
postgresql://postgresql_user:GsDsXXIECaHl6oOiWNKMIPKIxGCkRpay@dpg-d178cbndiees73dtodng-a.oregon-postgres.render.com/postgresql_crud_db


	  
	  
	  
	  
E:\MURALI\REACT-JS-TRAINING\ADDITIONAL-BACK-END\CICD-Basics-Docker-Kubernates-Jenkins\todoApp>docker
'docker' is not recognized as an internal or external command,
operable program or batch file.

E:\MURALI\REACT-JS-TRAINING\ADDITIONAL-BACK-END\CICD-Basics-Docker-Kubernates-Jenkins\todoApp>git add .

E:\MURALI\REACT-JS-TRAINING\ADDITIONAL-BACK-END\CICD-Basics-Docker-Kubernates-Jenkins\todoApp>git commit -m "IAdd updated files for full-stack todo app with Docker setup"
[main 8c13841] IAdd updated files for full-stack todo app with Docker setup
 9 files changed, 298 insertions(+), 12 deletions(-)
 create mode 100644 backend/Dockerfile
 create mode 100644 frontend/Dockerfile
 create mode 100644 frontend/Jenkinsfile
 create mode 100644 frontend/docker-compose.yml
 create mode 100644 k8s/backend-deployment.yaml
 create mode 100644 k8s/frontend-deployment.yaml
 create mode 100644 k8s/postgres-deployment.yaml
 create mode 100644 k8s/postgres-pvc.yaml

E:\MURALI\REACT-JS-TRAINING\ADDITIONAL-BACK-END\CICD-Basics-Docker-Kubernates-Jenkins\todoApp>git remote add origin https://github.com/narresh369/todos.git
error: remote origin already exists.

E:\MURALI\REACT-JS-TRAINING\ADDITIONAL-BACK-END\CICD-Basics-Docker-Kubernates-Jenkins\todoApp>git branch -M main

E:\MURALI\REACT-JS-TRAINING\ADDITIONAL-BACK-END\CICD-Basics-Docker-Kubernates-Jenkins\todoApp>git push -u origin main
Enumerating objects: 20, done.
Counting objects: 100% (20/20), done.
Delta compression using up to 8 threads
Compressing objects: 100% (14/14), done.
Writing objects: 100% (15/15), 3.39 KiB | 173.00 KiB/s, done.
Total 15 (delta 5), reused 0 (delta 0), pack-reused 0
remote: Resolving deltas: 100% (5/5), completed with 3 local objects.
To https://github.com/narresh369/todos.git
   758ddd0..8c13841  main -> main
branch 'main' set up to track 'origin/main'.

E:\MURALI\REACT-JS-TRAINING\ADDITIONAL-BACK-END\CICD-Basics-Docker-Kubernates-Jenkins\todoApp>



E:\MURALI\REACT-JS-TRAINING\ADDITIONAL-BACK-END\CICD-Basics-Docker-Kubernates-Jenkins\todoApp>tree "E:\MURALI\REACT-JS-TRAINING\ADDITIONAL-BACK-END\CICD-Basics-Docker-Kubernates-Jenkins\todoApp" /f /a | findstr /v /i "node_modules .git dist public SCREENS .bin .vite .vite-temp .@ampproject @babel core vite tar tapable tailwindcss"
Folder PATH listing for volume DATA
Volume serial number is 0ED0-D3D0
E:\MURALI\REACT-JS-TRAINING\ADDITIONAL-BACK-END\CICD-BASICS-DOCKER-KUBERNATES-JENKINS\TODOAPP
|   docker-compose.yml
|
+---backend
|       .dockerignore
|       .env
|       Dockerfile
|       index.js
|       package.json
|
+---frontend
|   |   Dockerfile
|   |   eslint.config.js
|   |   index.html
|   |   Jenkinsfile
|   |   package-lock.json
|   |   package.json
|   |   README.md
|   |
|   |   |   .package-lock.json
|   |   |
|   |
|   |
|   \---src
|       |   App copy.jsx
|       |   App.css
|       |   App.jsx
|       |   index copy.css
|       |   index.css
|       |   main.jsx
|       |
|       \---assets
|               react.svg
|
+---k8s
|       backend-deployment.yaml
|       frontend-deployment.yaml
|       postgres-deployment.yaml
|       postgres-pvc.yaml
|
        STEPS.txt


E:\MURALI\REACT-JS-TRAINING\ADDITIONAL-BACK-END\CICD-Basics-Docker-Kubernates-Jenkins\todoApp>